~ ideas
| :have
| single-relationship-blocks
| zero-or-more-resource-blocks
~ blocks
| :include
| relationship-blocks
| resource-blocks
~ resource-blocks
| :include
| zero-or-more-resource-blocks
| one-or-more-resource-blocks
| two-or-more-resource-blocks
~ relationship-blocks
| :include
| single-relationship-blocks
| multiple-relationship-blocks
~ groups
| :include
| groups-of-concepts
| groups-of-expository-pieces-of-text
~ attribute-groups
| :name
| groups-of-expository-pieces-of-text
~ attributes
| :name
| expository-pieces-of-text
~ relationship-blocks
| :have
| one-or-more-relationship-groups
~ concepts
| :include
| defined-concepts
| undefined-concepts
~ defined-concepts
| :include
| well-defined-concepts
| ill-defined-concepts
~ concepts
| :include
| subject-concepts
| object-concepts
~ concepts
| :include
| categorized-concepts
| uncategorized-concepts
~ concepts
| :include
| core-concepts
| derived-concepts
~ derived-concepts
| :include
| categorized-concepts
| defined-concepts
~ categorized-concepts
| :include
| ill-categorized-concepts
| well-categorized-concepts
~ data-concepts
| :name
| object-concepts
~ lines
| :include
| data-lines
| focus-lines
~ data-lines
| :include
| data-lines-in-resource-blocks
| data-lines-in-relationship-blocks
~ pieces
| :include
| pieces-of-text
~ pieces-of-text
| :include
| expository-pieces-of-text
~ expository-pieces-of-text
| :hold
| pieces-of-knowledge
~ pieces-of-knowledge
| :include
| concrete-pieces-of-knowledge
| abstract-pieces-of-knowledge
~ concrete-pieces-of-knowledge
| :include
| facts
| references
| thoughts
~ pieces-of-knolwedge
| :include
| relevant-pieces-of-knolwedge
| irrelevant-pieces-of-knolwedge
~ delimiters
| :include
| paired-delimiters
~ paired-delimiters
| :include
| square-bracket-delimiters
| curly-brace-delimiters
| unicode-quote-delimiters
@ understanding
| note:
| {You can cycle between them with M-r.}
@ understanding
| note:
| {This degree of flexibility facilitates documenting source code and other regular languages.}
~ paired-delimiters
| :hold
| expository-pieces-of-text
~ data-lines-in-relationship-blocks
| :hold
| attribute-groups
| expository-pieces-of-text
~ relationship-groups
| :hold
| one-or-more-data-concepts
~ attribute-groups
| :hold
| one-or-more-expository-pieces-of-text
~ data-lines-in-resource-blocks
| :include
| relationship-lines
| data-concept-lines
~ relationship-lines
| :hold
| relationship-groups
~ focus-concepts
| :name
| subject-concepts
@ understanding
| note:
| {The original name I used wa focus concepts.}
| {This harkens back to Novak who emphasized that concept maps should have focus questions.}
| {These productively limited the scope of concept maps.}
~ deliberate-orderings
| :include
| canonical-orderings
| deliberate-orderings-that-are-not-canonical
~ orderings
| :include
| random-orderings
| nonrandom-orderings
~ orderings
| :include
| deliberate-orderings
| haphazard-orderings
~ buffers
| :include
| text-buffers
~ lines
| :include
| lines-of-text
~ lines-of-text
| :include
| exchanged-lines-of-text
| not-exchanged-lines-of-text
~ lines-of-text
| :include
| lines-of-text-swapped-with-another-line
~ exchanged-lines-of-text
| :include
| exchanged-lines-of-text-up
| exchanged-lines-of-text-down
~ text-buffers
| :hold
| lines-of-text
