~ modes
| :include
| major-modes
| minor-modes
~ minor-modes
| :include
| vertico-minor-modes
~ minor-modes
| :include
| outline-minor-modes
~ major-modes
| :include
| concept-major-modes
~ ideas
| :have
| single-relationship-blocks
| zero-or-more-resource-blocks
@ understanding
| note:
| {Relationship blocks need to go first!}
~ blocks
| :include
| relationship-blocks
| resource-blocks
@ understanding
| note:
| {Relationship blocks start with ~.}
| {Resource blocks start with @.}
~ resource-blocks
| :include
| zero-or-more-resource-blocks
| one-or-more-resource-blocks
| two-or-more-resource-blocks
~ relationship-blocks
| :include
| single-relationship-blocks
| multiple-relationship-blocks
~ groups
| :include
| groups-of-concepts
| groups-of-expository-pieces-of-text
~ attribute-groups
| :name
| groups-of-expository-pieces-of-text
~ attributes
| :name
| expository-pieces-of-text
~ relationship-blocks
| :have
| one-or-more-relationship-groups
~ concepts
| :include
| defined-concepts
| undefined-concepts
~ defined-concepts
| :include
| well-defined-concepts
| ill-defined-concepts
~ concepts
| :include
| subject-concepts
| object-concepts
~ concepts
| :include
| categorized-concepts
| uncategorized-concepts
~ concepts
| :include
| core-concepts
| derived-concepts
~ derived-concepts
| :include
| categorized-concepts
| defined-concepts
~ categorized-concepts
| :include
| ill-categorized-concepts
| well-categorized-concepts
~ data-concepts
| :name
| object-concepts
~ lines
| :include
| data-lines
| focus-lines
~ data-lines
| :include
| data-lines-in-resource-blocks
| data-lines-in-relationship-blocks
~ pieces
| :include
| pieces-of-text
~ pieces-of-text
| :include
| expository-pieces-of-text
~ expository-pieces-of-text
| :hold
| pieces-of-knowledge
~ pieces-of-knowledge
| :include
| concrete-pieces-of-knowledge
| abstract-pieces-of-knowledge
~ concrete-pieces-of-knowledge
| :include
| facts
| references
| thoughts
~ pieces-of-knolwedge
| :include
| relevant-pieces-of-knolwedge
| irrelevant-pieces-of-knolwedge
~ commands
| :include
| commands-provided-by-other-packages
| commands-provided-by-concept.el
~ commands-provided-by-concept.el
| :include
| dwim-commands-provided-by-concept.el
@ understanding
| note:
| {M-i is the most important.}
| {C-c e is less important.}
| {C-c C-n or C-c C-p navigation commands can be helpful.}
~ commands-provided-by-other-packages
| :include
| imenu-commands
| consult-imenu-commands
~ delimiters
| :include
| paired-delimiters
~ paired-delimiters
| :include
| square-bracket-delimiters
| curly-brace-delimiters
| unicode-quote-delimiters
@ understanding
| note:
| {You can cycle between them with M-r.}
@ understanding
| note:
| {This degree of flexibility facilitates documenting source code and other regular languages.}
~ rules
| :include
| grammar-rules
~ grammar-rules
| :include
| parsing-expression-grammar-rules
~ parsing-expression-grammar-rules
| :include
| followed-parsing-expression-grammar-rules
~ concept-maps
| :include
| concept-maps-in-concept.el
~ concept-maps-in-concept.el
| :include
| valid-concept-maps-in-concept.el
| invalid-concept-maps-in-concept.el
~ followed-parsing-expression-grammar-rules
| :make
| valid-concept-maps-in-concept.el
~ paired-delimiters
| :hold
| expository-pieces-of-text
~ data-lines-in-relationship-blocks
| :hold
| attribute-groups
| expository-pieces-of-text
~ relationship-groups
| :hold
| one-or-more-data-concepts
~ attribute-groups
| :hold
| one-or-more-expository-pieces-of-text
~ data-lines-in-resource-blocks
| :include
| relationship-lines
| data-concept-lines
~ relationship-lines
| :hold
| relationship-groups
~ focus-concepts
| :name
| subject-concepts
@ understanding
| note:
| {The original name I used wa focus concepts.}
| {This harkens back to Novak who emphasized that concept maps should have focus questions.}
| {These productively limited the scope of concept maps.}
~ deliberate-orderings
| :include
| canonical-orderings
| deliberate-orderings-that-are-not-canonical
~ orderings
| :include
| random-orderings
| nonrandom-orderings
~ nonrandom-orderings
| :include
| alphabetical-orderings
| numeric-orderings
~ numeric-orderings
| :include
| numerically-increasing-orderings
| numerically-decreasing-orderings
~ numeric-orderings
| :include
| numeric-orderings-by-length
| numeric-orderings-by-count
~ numeric-orderings-by-count
| :include
| numeric-orderings-by-character-count
| numeric-orderings-by-block-count
| numeric-orderings-by-group-count
| numeric-orderings-by-item-count
~ orderings
| :include
| deliberate-orderings
| haphazard-orderings
~ orderings
| :include
| meaningful-orderings
| meaningless-orderings
~ meaningful-orderings
| :include
| deliberate-meaningful-orderings
~ deliberate-orderings
| :include
| deliberate-meaningful-orderings
~ buffers
| :include
| text-buffers
~ lines
| :include
| lines-of-text
~ lines-of-text
| :include
| lines-of-text-inside-of-blocks
~ lines-of-text-inside-of-blocks
| :include
| lines-of-text-inside-of-resource-blocks
| lines-of-text-inside-of-relationship-blocks
~ lines-of-text-inside-of-resource-blocks
| :include
| first-lines-of-text-inside-of-relationship-blocks
| last-lines-of-text-inside-of-relationship-blocks
~ lines-of-text-inside-of-relationship-blocks
| :include
| first-lines-of-text-inside-of-relationship-blocks
| last-lines-of-text-inside-of-relationship-blocks
~ units
| :include
| units-of-understanding
~ units-of-understanding
| :include
| two-or-more-units-of-understanding
~ two-or-more-units-of-understanding
| :include
| two-or-more-units-of-understanding-of-the-same-kind
~ two-or-more-units-of-understanding-of-the-same-kind
| :include
| exchangeable-units-of-understanding
~ exchangeable-units-of-understanding
| :have
| orderings
~ attributes
| :include
| two-or-more-attributes
~ two-or-more-attributes
| :include
| two-or-more-attributes-in-the-same-attribute-block
| two-or-more-attributes-in-different-attribute-blocks
~ attribute-groups
| :include
| two-or-more-attribute-groups
~ two-or-more-attribute-groups
| :include
| two-or-more-attribute-groups-in-the-same-resource-block
~ relationship-groups
| :include
| two-or-more-relationship-groups
~ two-or-more-relationship-groups
| :include
| two-or-more-relationship-groups-in-the-same-relationship-block
~ resource-blocks
| :include
| two-or-more-resource-blocks-in-the-same-idea
~ object-concepts
| :include
| two-or-more-object-concepts
~ two-or-more-object-concepts
| :include
| two-or-more-object-concepts-in-the-same-relationship-group
~ things
| :include
| things-by-themselves
| things-of-the-same-kind
~ things-of-the-same-kind
| :include
| two-or-more-things-of-the-same-kind
~ two-or-more-things-of-the-same-kind
| :include
| two-or-more-units-of-understanding-of-the-same-kind
~ exchangeable-units-of-understanding
| :include
| two-or-more-lines-of-text
| two-or-more-attributes-in-the-same-attribute-block
| two-or-more-attribute-groups-in-the-same-resource-block
| two-or-more-relationship-groups-in-the-same-relationship-block
| two-or-more-resource-blocks-in-the-same-idea
| two-or-more-ideas-in-the-same-concept-map
| two-or-more-object-concepts-in-the-same-relationship-group
~ two-or-more-lines-of-text
| :include
| exchanged-lines-of-text
| not-exchanged-lines-of-text
~ lines-of-text
| :include
| lines-of-text-swapped-with-another-line
~ exchanged-lines-of-text
| :include
| exchanged-lines-of-text-up
| exchanged-lines-of-text-down
~ lines-of-text
| :include
| zero-or-more-lines-of-text
| one-or-more-lines-of-text
| two-or-more-lines-of-text
~ text-buffers
| :hold
| zero-or-more-lines-of-text
